[backblue.gif]
[fade.gif]
[index.html]
[demos.codexcoder.com/wpbiz/xmlrpc.php]
[demos.codexcoder.com/wpbiz/wp-content/uploads/2014/09/favicon.png]
[demos.codexcoder.com/wpbiz/indexd784.html]
[demos.codexcoder.com/wpbiz/index8285.html]
[demos.codexcoder.com/wpbiz/indexa6da.html]
[demos.codexcoder.com/wpbiz/wp-includes/js/jquery/jquery90f9.js]
[demos.codexcoder.com/wpbiz/wp-includes/js/jquery/jquery-migrate.min1576.js]
[demos.codexcoder.com/wpbiz/xmlrpc0db0.php]
[demos.codexcoder.com/wpbiz/wp-includes/wlwmanifest.xml]
[demos.codexcoder.com/wpbiz/wp-content/themes/biz-wp/images/makbookair.png]
[demos.codexcoder.com/wpbiz/wp-content/themes/biz-wp/images/logo.png]
[demos.codexcoder.com/wpbiz/wp-content/uploads/2014/07/slide-1.jpg]
[demos.codexcoder.com/wpbiz/wp-content/uploads/2014/07/slide-2.jpg]
[demos.codexcoder.com/wpbiz/wp-content/themes/biz-wp/assets/images/down-angle.png]
[demos.codexcoder.com/wpbiz/wp-content/themes/biz-wp/images/feature-icon/solid-coding.png]
[demos.codexcoder.com/wpbiz/wp-content/themes/biz-wp/images/feature-icon/Responsive.png]
[demos.codexcoder.com/wpbiz/wp-content/themes/biz-wp/images/feature-icon/Customizable.png]
[demos.codexcoder.com/wpbiz/wp-content/themes/biz-wp/images/parallax/picjumbo.jpg]
[demos.codexcoder.com/wpbiz/wp-content/themes/biz-wp/images/quality/monitor-display.png]
[demos.codexcoder.com/wpbiz/wp-content/uploads/2014/08/475x330_04.jpg]
[demos.codexcoder.com/wpbiz/wp-content/uploads/2014/08/475x330_05.jpg]
[demos.codexcoder.com/wpbiz/wp-content/uploads/2014/08/475x680.jpg]
[demos.codexcoder.com/wpbiz/wp-content/uploads/2014/08/960x330.jpg]
[demos.codexcoder.com/wpbiz/wp-content/uploads/2014/08/475x330.jpg]
[demos.codexcoder.com/wpbiz/wp-content/uploads/2014/07/portfolio-item.jpg]
[demos.codexcoder.com/wpbiz/wp-content/uploads/2014/07/02.jpg]
[demos.codexcoder.com/wpbiz/wp-content/themes/biz-wp/images/client-logo/logo-audiojungle.png]
[demos.codexcoder.com/wpbiz/wp-content/themes/biz-wp/images/client-logo/logo-codecanyon.png]
[demos.codexcoder.com/wpbiz/wp-content/themes/biz-wp/images/client-logo/logo-graphicriver.png]
[demos.codexcoder.com/wpbiz/wp-content/themes/biz-wp/images/client-logo/logo-themeforest.png]
[demos.codexcoder.com/wpbiz/wp-content/themes/biz-wp/images/team/social-review-bg.jpg]
[demos.codexcoder.com/wpbiz/wp-content/uploads/2014/07/blog-post-0.jpg]
[demos.codexcoder.com/wpbiz/wp-content/uploads/2014/02/blog-post-1.jpg]
[demos.codexcoder.com/wpbiz/wp-content/uploads/2014/06/blog-post-2.jpg]
[demos.codexcoder.com/wpbiz/wp-content/uploads/2014/02/person-6.jpg]
[demos.codexcoder.com/wpbiz/wp-content/uploads/2014/02/person-8.jpg]
[demos.codexcoder.com/wpbiz/wp-content/uploads/2014/02/person-7.jpg]
[demos.codexcoder.com/wpbiz/wp-content/uploads/2014/02/person-5.jpg]
[demos.codexcoder.com/wpbiz/wp-content/themes/biz-wp/images/parallax/03.jpg]
[www.google-analytics.com/analytics.js]
[demos.codexcoder.com/wpbiz/wp-content/plugins/contact-form-7/includes/js/jquery.form.mind03d.js]
[demos.codexcoder.com/wpbiz/wp-content/plugins/contact-form-7/includes/js/scripts657a.js]
[demos.codexcoder.com/wpbiz/wp-content/themes/biz-wp/assets/js/modernizr-2.8.0.minf9b8.js]
[demos.codexcoder.com/wpbiz/wp-content/themes/biz-wp/assets/js/jquery.visible.minf9b8.js]
[demos.codexcoder.com/wpbiz/wp-content/themes/biz-wp/assets/js/jquery.fitvidsf9b8.js]
[demos.codexcoder.com/wpbiz/wp-content/themes/biz-wp/assets/js/jquery.bgvideo.minf9b8.js]
[demos.codexcoder.com/wpbiz/wp-content/themes/biz-wp/assets/js/pluginsf9b8.js]
[demos.codexcoder.com/wpbiz/wp-content/themes/biz-wp/assets/js/functionsf9b8.js]
[demos.codexcoder.com/wpbiz/wp-content/themes/biz-wp/assets/js/SmoothScrollf9b8.js]
[demos.codexcoder.com/wpbiz/wp-content/themes/biz-wp/assets/js/jquery.scrollTof9b8.js]
[demos.codexcoder.com/wpbiz/wp-content/themes/biz-wp/assets/js/jquery.navf9b8.js]
[html5shiv.googlecode.com/svn/trunk/html568b3.js]
[demos.codexcoder.com/wpbiz/wp-content/themes/biz-wp/assets/js/jquery.parallaxf9b8.js]
[demos.codexcoder.com/wpbiz/wp-content/themes/biz-wp/assets/js/gmapsf9b8.js]
[demos.codexcoder.com/wpbiz/wp-content/themes/biz-wp/assets/js/navigation11a8.js]
[demos.codexcoder.com/wpbiz/wp-content/themes/biz-wp/assets/js/skip-link-focus-fix08e0.js]
[demos.codexcoder.com/wpbiz/wp-includes/js/comment-reply.minf9b8.js]
[demos.codexcoder.com/wpbiz/index.html]
[demos.codexcoder.com/wpbiz/wp-content/plugins/biz-pricing/assets/css/style8a54.css]
[demos.codexcoder.com/wpbiz/wp-content/plugins/contact-form-7/includes/css/styles657a.css]
[demos.codexcoder.com/wpbiz/wp-content/plugins/mailchimp-for-wp/assets/css/checkbox.min431f.css]
[demos.codexcoder.com/wpbiz/wp-content/themes/biz-wp/stylef9b8.css]
[demos.codexcoder.com/wpbiz/wp-content/themes/biz-wp/assets/css/bootstrap.minf9b8.css]
[demos.codexcoder.com/wpbiz/wp-content/themes/biz-wp/assets/fonts/fontawesome-webfontba72.eot]
[demos.codexcoder.com/wpbiz/wp-content/themes/biz-wp/assets/fonts/fontawesome-webfontd41d.eot]
[demos.codexcoder.com/wpbiz/wp-content/themes/biz-wp/assets/fonts/fontawesome-webfontba72.woff]
[demos.codexcoder.com/wpbiz/wp-content/themes/biz-wp/assets/fonts/fontawesome-webfontba72.ttf]
[demos.codexcoder.com/wpbiz/wp-content/themes/biz-wp/assets/css/font-awesome.minf9b8.css]
[demos.codexcoder.com/wpbiz/wp-content/themes/biz-wp/assets/images/ccr-pattern.png]
[demos.codexcoder.com/wpbiz/wp-content/themes/biz-wp/assets/images/loader-grey.gif]
[demos.codexcoder.com/wpbiz/wp-content/themes/biz-wp/images/client/01.jpg]
[demos.codexcoder.com/wpbiz/wp-content/themes/biz-wp/images/client/02.jpg]
[demos.codexcoder.com/wpbiz/wp-content/themes/biz-wp/images/client/03.jpg]
[demos.codexcoder.com/wpbiz/wp-content/themes/biz-wp/images/placeholder-author-100x100.png]
[demos.codexcoder.com/wpbiz/wp-content/themes/biz-wp/images/flicker/placeholder-150x150.png]
[demos.codexcoder.com/wpbiz/wp-content/themes/biz-wp/assets/css/theme9273.css]
[demos.codexcoder.com/wpbiz/wp-content/themes/biz-wp/assets/css/responsivef9b8.css]
[demos.codexcoder.com/wpbiz/wp-content/themes/biz-wp/assets/images/grabbing.png]
[demos.codexcoder.com/wpbiz/wp-content/themes/biz-wp/assets/css/owl.carouself9b8.css]
[demos.codexcoder.com/wpbiz/wp-content/themes/biz-wp/assets/images/prettyPhoto/default/sprite.png]
[demos.codexcoder.com/wpbiz/wp-content/themes/biz-wp/assets/images/prettyPhoto/default/sprite_x.png]
[demos.codexcoder.com/wpbiz/wp-content/themes/biz-wp/assets/images/prettyPhoto/default/sprite_y.png]
[demos.codexcoder.com/wpbiz/wp-content/themes/biz-wp/assets/images/prettyPhoto/default/sprite_next.png]
[demos.codexcoder.com/wpbiz/wp-content/themes/biz-wp/assets/images/prettyPhoto/default/sprite_prev.png]
[demos.codexcoder.com/wpbiz/wp-content/themes/biz-wp/assets/images/prettyPhoto/default/default_thumb.png]
[demos.codexcoder.com/wpbiz/wp-content/themes/biz-wp/assets/images/prettyPhoto/default/loader.gif]
[demos.codexcoder.com/wpbiz/wp-content/themes/biz-wp/assets/images/prettyPhoto/light_rounded/sprite.png]
[demos.codexcoder.com/wpbiz/wp-content/themes/biz-wp/assets/images/prettyPhoto/light_rounded/btnNext.png]
[demos.codexcoder.com/wpbiz/wp-content/themes/biz-wp/assets/images/prettyPhoto/light_rounded/btnPrevious.png]
[demos.codexcoder.com/wpbiz/wp-content/themes/biz-wp/assets/images/prettyPhoto/light_rounded/loader.gif]
[demos.codexcoder.com/wpbiz/wp-content/themes/biz-wp/assets/images/prettyPhoto/dark_rounded/sprite.png]
[demos.codexcoder.com/wpbiz/wp-content/themes/biz-wp/assets/images/prettyPhoto/dark_rounded/contentPattern.png]
[demos.codexcoder.com/wpbiz/wp-content/themes/biz-wp/assets/images/prettyPhoto/dark_rounded/btnNext.png]
[demos.codexcoder.com/wpbiz/wp-content/themes/biz-wp/assets/images/prettyPhoto/dark_rounded/btnPrevious.png]
[demos.codexcoder.com/wpbiz/wp-content/themes/biz-wp/assets/images/prettyPhoto/dark_rounded/loader.gif]
[demos.codexcoder.com/wpbiz/wp-content/themes/biz-wp/assets/images/prettyPhoto/dark_square/loader.gif]
[demos.codexcoder.com/wpbiz/wp-content/themes/biz-wp/assets/images/prettyPhoto/dark_square/sprite.png]
[demos.codexcoder.com/wpbiz/wp-content/themes/biz-wp/assets/images/prettyPhoto/dark_square/btnNext.png]
[demos.codexcoder.com/wpbiz/wp-content/themes/biz-wp/assets/images/prettyPhoto/dark_square/btnPrevious.png]
[demos.codexcoder.com/wpbiz/wp-content/themes/biz-wp/assets/images/prettyPhoto/light_square/btnNext.png]
[demos.codexcoder.com/wpbiz/wp-content/themes/biz-wp/assets/images/prettyPhoto/light_square/btnPrevious.png]
[demos.codexcoder.com/wpbiz/wp-content/themes/biz-wp/assets/images/prettyPhoto/facebook/sprite.png]
[demos.codexcoder.com/wpbiz/wp-content/themes/biz-wp/assets/images/prettyPhoto/facebook/contentPatternTop.png]
[demos.codexcoder.com/wpbiz/wp-content/themes/biz-wp/assets/images/prettyPhoto/facebook/contentPatternLeft.png]
[demos.codexcoder.com/wpbiz/wp-content/themes/biz-wp/assets/images/prettyPhoto/facebook/contentPatternRight.png]
[demos.codexcoder.com/wpbiz/wp-content/themes/biz-wp/assets/images/prettyPhoto/facebook/loader.gif]
[demos.codexcoder.com/wpbiz/wp-content/themes/biz-wp/assets/images/prettyPhoto/facebook/btnNext.png]
[demos.codexcoder.com/wpbiz/wp-content/themes/biz-wp/assets/images/prettyPhoto/facebook/btnPrevious.png]
[demos.codexcoder.com/wpbiz/wp-content/themes/biz-wp/assets/images/prettyPhoto/facebook/contentPatternBottom.png]
[demos.codexcoder.com/wpbiz/wp-content/themes/biz-wp/assets/images/prettyPhoto/facebook/default_thumbnail.gif]
[demos.codexcoder.com/wpbiz/wp-content/themes/biz-wp/assets/css/prettyPhotof9b8.css]
[demos.codexcoder.com/wpbiz/indexcd64.html]
[demos.codexcoder.com/wpbiz/index78a0.html]
[demos.codexcoder.com/wpbiz/wp-content/plugins/akismet/_inc/form5b75.js]
[demos.codexcoder.com/wpbiz/index4c50.html]
[demos.codexcoder.com/wpbiz/indexe856.html]
[demos.codexcoder.com/wpbiz/index5c36.html]
[demos.codexcoder.com/wpbiz/index1521.html]
[demos.codexcoder.com/wpbiz/index7e3b.html]
[demos.codexcoder.com/wpbiz/indexcff1.html]
[demos.codexcoder.com/wpbiz/index0721.html]
[demos.codexcoder.com/wpbiz/index552f.html]
[demos.codexcoder.com/wpbiz/index6527.html]
[demos.codexcoder.com/wpbiz/indexfbd5.html]
[demos.codexcoder.com/wpbiz/wp-content/themes/biz-wp/assets/fonts/fontawesome-webfontba72.svg]
[demos.codexcoder.com/wpbiz/indexe539.html]
[demos.codexcoder.com/wpbiz/google.com]
[demos.codexcoder.com/wpbiz/index5010.html]
[demos.codexcoder.com/wpbiz/index3429.html]
[demos.codexcoder.com/wpbiz/indexb5e7.html]
[demos.codexcoder.com/wpbiz/indexb57b.html]
[demos.codexcoder.com/wpbiz/indexb31a.html]
[demos.codexcoder.com/wpbiz/wp-content/themes/biz-wp/assets/images/prettyPhoto/light_square/sprite.png]
[demos.codexcoder.com/wpbiz/wp-content/uploads/2014/02/blog-post-pic3-n.jpg]
[demos.codexcoder.com/wpbiz/index8601.html]
[demos.codexcoder.com/wpbiz/indexc171.html]
[demos.codexcoder.com/wpbiz/indexfe2c.html]
[demos.codexcoder.com/wpbiz/index21c6.html]
[demos.codexcoder.com/wpbiz/index7e31.html]
[demos.codexcoder.com/wpbiz/indexaeb3.html]
[demos.codexcoder.com/wpbiz/indexb97c.html]
[demos.codexcoder.com/wpbiz/indexd024.html]
[demos.codexcoder.com/wpbiz/indexf49f.html]
[demos.codexcoder.com/wpbiz/index56f7.html]
[demos.codexcoder.com/wpbiz/index28ad.html]
[demos.codexcoder.com/wpbiz/index040d.html]
[demos.codexcoder.com/wpbiz/indexf9f1.html]
[demos.codexcoder.com/wpbiz/index077f.html]
[demos.codexcoder.com/wpbiz/index4e09.html]
[demos.codexcoder.com/wpbiz/index73b2.html]
[demos.codexcoder.com/wpbiz/index8ba2.html]
[demos.codexcoder.com/wpbiz/index8af2.html]
[demos.codexcoder.com/wpbiz/index03da.html]
[demos.codexcoder.com/wpbiz/index81d5.html]
[demos.codexcoder.com/wpbiz/index9fb3.html]
[demos.codexcoder.com/wpbiz/index33c8.html]
[demos.codexcoder.com/wpbiz/indexd9c6.html]
[demos.codexcoder.com/wpbiz/indexcfef.html]
[demos.codexcoder.com/wpbiz/index28e9.html]
[demos.codexcoder.com/wpbiz/index13ae.html]
[demos.codexcoder.com/wpbiz/index4301.html]
[demos.codexcoder.com/wpbiz/wp-login.html]
[demos.codexcoder.com/wpbiz/index9095.html]
[demos.codexcoder.com/wpbiz/index3f51.html]
[demos.codexcoder.com/wpbiz/index301c.html]
[demos.codexcoder.com/wpbiz/indexe9b4.html]
[demos.codexcoder.com/wpbiz/indexb93f.html]
[demos.codexcoder.com/wpbiz/index7ea6.html]
[demos.codexcoder.com/wpbiz/wp-content/themes/biz-wp/images/parallax/parallax-demo-img.jpg]
[demos.codexcoder.com/wpbiz/indexc276.html]
[demos.codexcoder.com/wpbiz/index666f.html]
[demos.codexcoder.com/wpbiz/indexa93b.html]
[demos.codexcoder.com/wpbiz/index633b.html]
[demos.codexcoder.com/wpbiz/index0660.html]
[demos.codexcoder.com/wpbiz/indexfbb6.html]
[demos.codexcoder.com/wpbiz/indexdba8.html]
[demos.codexcoder.com/wpbiz/index2155.html]
[demos.codexcoder.com/wpbiz/index2dc8.html]
[demos.codexcoder.com/wpbiz/index5fb3.html]
[demos.codexcoder.com/wpbiz/indexb42f.html]
[demos.codexcoder.com/wpbiz/wp-includes/css/buttons.minf9b8.css]
[demos.codexcoder.com/wpbiz/indexe81a.html]
[demos.codexcoder.com/wpbiz/wp-includes/fonts/dashicons.eot]
[demos.codexcoder.com/wpbiz/wp-includes/css/dashicons.minf9b8.css]
[demos.codexcoder.com/wpbiz/wp-admin/images/loading.gif]
[demos.codexcoder.com/wpbiz/wp-admin/images/w-logo-blue7a53.png]
[demos.codexcoder.com/wpbiz/wp-admin/css/login.minf9b8.css]
[demos.codexcoder.com/wpbiz/wp-loginc2b6.html]
[demos.codexcoder.com/wpbiz/wp-admin/images/wordpress-logo7d6b.svg]
[demos.codexcoder.com/wpbiz/indexe8fb.html]
